// Jest Snapshot v1, https://goo.gl/fbAQLP

exports[`App corrently renders a navbar and Routes component 1`] = `
<Fragment>
  <Navbar />
  <Routes />
</Fragment>
`;
